
> bidinsouk@0.1.0 build
> prisma generate && next build

node.exe : Environment variables loaded from .env
Au caractère C:\Program Files\nodejs\npm.ps1:29 : 3
+   & $NODE_EXE $NPM_CLI_JS $args
+   ~~~~~~~~~~~~~~~~~~~~~~~~~~~~~
    + CategoryInfo          : NotSpecified: (Environment variables loaded from 
    .env:String) [], RemoteException
    + FullyQualifiedErrorId : NativeCommandError
 
Prisma schema loaded from prisma\schema.prisma

Ô£ö Generated Prisma Client (v6.17.0) to .\node_modules\@prisma\client in 601ms

Start by importing your Prisma Client (See: https://pris.ly/d/importing-client)

Tip: Want to turn off tips and other hints? https://pris.ly/tip-4-nohints

 ÔÜá Warning: Next.js inferred your workspace root, but it may not be correct.
 We detected multiple lockfiles and selected the directory of C:\Users\HP OMEN 
16\package-lock.json as the root directory.
 To silence this warning, set `outputFileTracingRoot` in your Next.js config, 
or consider removing one of the lockfiles if it's not needed.
   See 
https://nextjs.org/docs/app/api-reference/config/next-config-js/output#caveats 
for more information.
 Detected additional lockfiles: 
   * C:\Users\HP OMEN 16\bidinsouk\package-lock.json

   Ôû▓ Next.js 15.5.4
   - Environments: .env.local, .env
   - Experiments (use with caution):
     ┬À optimizePackageImports

   Creating an optimized production build ...
 Ô£ô Compiled successfully in 32.6s
   Linting and checking validity of types ...

./app/(admin)/admin-dashboard/activity-logs/page.tsx
151:6  Warning: React Hook useEffect has a missing dependency: 'fetchLogs'. Either include it or remove the dependency array.  react-hooks/exhaustive-deps

./app/(admin)/admin-dashboard/analytics/AnalyticsPageClient.tsx
92:6  Warning: React Hook useEffect has a missing dependency: 'fetchAnalytics'. Either include it or remove the dependency array.  react-hooks/exhaustive-deps

./app/(admin)/admin-dashboard/clients/page.tsx
108:19  Warning: `'` can be escaped with `&apos;`, `&lsquo;`, `&#39;`, `&rsquo;`.  react/no-unescaped-entities

./app/(admin)/admin-dashboard/products/page.tsx
85:6  Warning: React Hook useEffect has a missing dependency: 'fetchProducts'. Either include it or remove the dependency array.  react-hooks/exhaustive-deps

./app/(admin)/admin-dashboard/products/[id]/page.tsx
47:6  Warning: React Hook useEffect has a missing dependency: 'fetchProduct'. Either include it or remove the dependency array.  react-hooks/exhaustive-deps

./app/(admin)/admin-dashboard/reports/page.tsx
132:6  Warning: React Hook useEffect has a missing dependency: 'fetchReports'. Either include it or remove the dependency array.  react-hooks/exhaustive-deps

./app/(admin)/admin-dashboard/reports/[id]/page.tsx
106:6  Warning: React Hook useEffect has a missing dependency: 'fetchReport'. Either include it or remove the dependency array.  react-hooks/exhaustive-deps

./app/(admin)/admin-dashboard/stores/page.tsx
99:6  Warning: React Hook useEffect has a missing dependency: 'fetchStores'. Either include it or remove the dependency array.  react-hooks/exhaustive-deps

./app/(admin)/admin-dashboard/stores/[id]/edit/page.tsx
73:6  Warning: React Hook useEffect has a missing dependency: 'fetchStore'. Either include it or remove the dependency array.  react-hooks/exhaustive-deps

./app/(admin)/admin-dashboard/stores/[id]/page.tsx
112:6  Warning: React Hook useEffect has a missing dependency: 'fetchStore'. Either include it or remove the dependency array.  react-hooks/exhaustive-deps

./app/(admin)/admin-dashboard/users/page.tsx
84:6  Warning: React Hook useEffect has a missing dependency: 'fetchUsers'. Either include it or remove the dependency array.  react-hooks/exhaustive-deps

./app/(admin)/admin-dashboard/users/[id]/edit/page.tsx
49:6  Warning: React Hook useEffect has a missing dependency: 'fetchUser'. Either include it or remove the dependency array.  react-hooks/exhaustive-deps

./app/(admin)/admin-dashboard/users/[id]/page.tsx
76:6  Warning: React Hook useEffect has a missing dependency: 'fetchUser'. Either include it or remove the dependency array.  react-hooks/exhaustive-deps

./app/(auth)/login/page.tsx
149:18  Warning: `'` can be escaped with `&apos;`, `&lsquo;`, `&#39;`, `&rsquo;`.  react/no-unescaped-entities

./app/(main)/vendor/pending/page.tsx
25:22  Warning: `'` can be escaped with `&apos;`, `&lsquo;`, `&#39;`, `&rsquo;`.  react/no-unescaped-entities
28:35  Warning: `'` can be escaped with `&apos;`, `&lsquo;`, `&#39;`, `&rsquo;`.  react/no-unescaped-entities
31:58  Warning: `'` can be escaped with `&apos;`, `&lsquo;`, `&#39;`, `&rsquo;`.  react/no-unescaped-entities

./app/(pages)/auction/[id]/page.tsx
172:43  Warning: `'` can be escaped with `&apos;`, `&lsquo;`, `&#39;`, `&rsquo;`.  react/no-unescaped-entities
256:19  Warning: Image elements must have an alt prop, either with meaningful text, or an empty string for decorative images.  jsx-a11y/alt-text
407:29  Warning: `'` can be escaped with `&apos;`, `&lsquo;`, `&#39;`, `&rsquo;`.  react/no-unescaped-entities

./app/(pages)/auctions/create/page.tsx
248:74  Warning: `'` can be escaped with `&apos;`, `&lsquo;`, `&#39;`, `&rsquo;`.  react/no-unescaped-entities
316:29  Warning: Using `<img>` could result in slower LCP and higher bandwidth. Consider using `<Image />` from `next/image` or a custom image loader to automatically optimize images. This may incur additional usage or cost from your provider. See: https://nextjs.org/docs/messages/no-img-element  @next/next/no-img-element
406:28  Warning: `'` can be escaped with `&apos;`, `&lsquo;`, `&#39;`, `&rsquo;`.  react/no-unescaped-entities

./app/(pages)/auctions/page.tsx
155:6  Warning: React Hook useEffect has a missing dependency: 'fetchAuctions'. Either include it or remove the dependency array.  react-hooks/exhaustive-deps
412:29  Warning: `"` can be escaped with `&quot;`, `&ldquo;`, `&#34;`, `&rdquo;`.  react/no-unescaped-entities
412:41  Warning: `"` can be escaped with `&quot;`, `&ldquo;`, `&#34;`, `&rdquo;`.  react/no-unescaped-entities

./app/(pages)/browse/page.tsx
67:59  Warning: `'` can be escaped with `&apos;`, `&lsquo;`, `&#39;`, `&rsquo;`.  react/no-unescaped-entities

./app/(pages)/checkout/page.tsx
90:6  Warning: React Hook useEffect has a missing dependency: 'fetchCheckoutData'. Either include it or remove the dependency array.  react-hooks/exhaustive-deps
309:31  Warning: `'` can be escaped with `&apos;`, `&lsquo;`, `&#39;`, `&rsquo;`.  react/no-unescaped-entities
309:42  Warning: `'` can be escaped with `&apos;`, `&lsquo;`, `&#39;`, `&rsquo;`.  react/no-unescaped-entities
453:29  Warning: Image elements must have an alt prop, either with meaningful text, or an empty string for decorative images.  jsx-a11y/alt-text
566:17  Warning: Image elements must have an alt prop, either with meaningful text, or an empty string for decorative images.  jsx-a11y/alt-text

./app/(pages)/messages/page.tsx
103:6  Warning: React Hook useEffect has a missing dependency: 'loadThreads'. Either include it or remove the dependency array.  react-hooks/exhaustive-deps

./app/(pages)/orders/page.tsx
96:17  Warning: `'` can be escaped with `&apos;`, `&lsquo;`, `&#39;`, `&rsquo;`.  react/no-unescaped-entities

./app/(pages)/products/page.tsx
137:6  Warning: React Hook useEffect has a missing dependency: 'fetchProducts'. Either include it or remove the dependency array.  react-hooks/exhaustive-deps
449:27  Warning: `"` can be escaped with `&quot;`, `&ldquo;`, `&#34;`, `&rdquo;`.  react/no-unescaped-entities
449:39  Warning: `"` can be escaped with `&quot;`, `&ldquo;`, `&#34;`, `&rdquo;`.  react/no-unescaped-entities

./app/(pages)/profile/page.tsx
94:20  Warning: `'` can be escaped with `&apos;`, `&lsquo;`, `&#39;`, `&rsquo;`.  react/no-unescaped-entities
351:23  Warning: `"` can be escaped with `&quot;`, `&ldquo;`, `&#34;`, `&rdquo;`.  react/no-unescaped-entities
351:102  Warning: `"` can be escaped with `&quot;`, `&ldquo;`, `&#34;`, `&rdquo;`.  react/no-unescaped-entities
367:23  Warning: `"` can be escaped with `&quot;`, `&ldquo;`, `&#34;`, `&rdquo;`.  react/no-unescaped-entities
367:83  Warning: `"` can be escaped with `&quot;`, `&ldquo;`, `&#34;`, `&rdquo;`.  react/no-unescaped-entities

./app/(pages)/search/page.tsx
97:66  Warning: `'` can be escaped with `&apos;`, `&lsquo;`, `&#39;`, `&rsquo;`.  react/no-unescaped-entities
181:30  Warning: `"` can be escaped with `&quot;`, `&ldquo;`, `&#34;`, `&rdquo;`.  react/no-unescaped-entities
181:38  Warning: `"` can be escaped with `&quot;`, `&ldquo;`, `&#34;`, `&rdquo;`.  react/no-unescaped-entities

./app/(pages)/watchlist/page.tsx
96:17  Warning: `'` can be escaped with `&apos;`, `&lsquo;`, `&#39;`, `&rsquo;`.  react/no-unescaped-entities
96:42  Warning: `'` can be escaped with `&apos;`, `&lsquo;`, `&#39;`, `&rsquo;`.  react/no-unescaped-entities

./app/error.tsx
29:57  Warning: `'` can be escaped with `&apos;`, `&lsquo;`, `&#39;`, `&rsquo;`.  react/no-unescaped-entities
31:42  Warning: `'` can be escaped with `&apos;`, `&lsquo;`, `&#39;`, `&rsquo;`.  react/no-unescaped-entities
48:29  Warning: `'` can be escaped with `&apos;`, `&lsquo;`, `&#39;`, `&rsquo;`.  react/no-unescaped-entities

./app/not-found.tsx
34:29  Warning: `'` can be escaped with `&apos;`, `&lsquo;`, `&#39;`, `&rsquo;`.  react/no-unescaped-entities

./app/page.tsx
70:37  Warning: `'` can be escaped with `&apos;`, `&lsquo;`, `&#39;`, `&rsquo;`.  react/no-unescaped-entities

./components/admin/AdminDashboard.tsx
339:36  Warning: `'` can be escaped with `&apos;`, `&lsquo;`, `&#39;`, `&rsquo;`.  react/no-unescaped-entities
541:38  Warning: `'` can be escaped with `&apos;`, `&lsquo;`, `&#39;`, `&rsquo;`.  react/no-unescaped-entities
544:59  Warning: `'` can be escaped with `&apos;`, `&lsquo;`, `&#39;`, `&rsquo;`.  react/no-unescaped-entities
576:22  Warning: `'` can be escaped with `&apos;`, `&lsquo;`, `&#39;`, `&rsquo;`.  react/no-unescaped-entities
615:27  Warning: `'` can be escaped with `&apos;`, `&lsquo;`, `&#39;`, `&rsquo;`.  react/no-unescaped-entities

./components/admin/SessionTimeoutMonitor.tsx
50:6  Warning: React Hook useEffect has a missing dependency: 'handleTimeout'. Either include it or remove the dependency array.  react-hooks/exhaustive-deps

./components/admin/stores/StoreForm.tsx
110:6  Warning: React Hook useEffect has a missing dependency: 'form'. Either include it or remove the dependency array.  react-hooks/exhaustive-deps

./components/admin/users/UserActivityLogs.tsx
44:6  Warning: React Hook useEffect has a missing dependency: 'fetchLogs'. Either include it or remove the dependency array.  react-hooks/exhaustive-deps

./components/admin/users/UsersContent.tsx
113:6  Warning: React Hook useEffect has a missing dependency: 'fetchUsers'. Either include it or remove the dependency array.  react-hooks/exhaustive-deps
413:28  Warning: `'` can be escaped with `&apos;`, `&lsquo;`, `&#39;`, `&rsquo;`.  react/no-unescaped-entities

./components/auction/BidPanel.tsx
156:30  Warning: `'` can be escaped with `&apos;`, `&lsquo;`, `&#39;`, `&rsquo;`.  react/no-unescaped-entities

./components/auction/Countdown.tsx
78:26  Warning: `'` can be escaped with `&apos;`, `&lsquo;`, `&#39;`, `&rsquo;`.  react/no-unescaped-entities

./components/client/ClientDashboard.tsx
240:102  Warning: `'` can be escaped with `&apos;`, `&lsquo;`, `&#39;`, `&rsquo;`.  react/no-unescaped-entities

./components/layout/SiteHeader.tsx
108:24  Warning: `'` can be escaped with `&apos;`, `&lsquo;`, `&#39;`, `&rsquo;`.  react/no-unescaped-entities
417:54  Warning: `'` can be escaped with `&apos;`, `&lsquo;`, `&#39;`, `&rsquo;`.  react/no-unescaped-entities

./components/messages/ConversationView.tsx
121:13  Warning: Using `<img>` could result in slower LCP and higher bandwidth. Consider using `<Image />` from `next/image` or a custom image loader to automatically optimize images. This may incur additional usage or cost from your provider. See: https://nextjs.org/docs/messages/no-img-element  @next/next/no-img-element
238:6  Warning: React Hook useEffect has a missing dependency: 'loadMessages'. Either include it or remove the dependency array.  react-hooks/exhaustive-deps
271:19  Warning: Using `<img>` could result in slower LCP and higher bandwidth. Consider using `<Image />` from `next/image` or a custom image loader to automatically optimize images. This may incur additional usage or cost from your provider. See: https://nextjs.org/docs/messages/no-img-element  @next/next/no-img-element

./components/messages/CreateMessageModal.tsx
208:19  Warning: Using `<img>` could result in slower LCP and higher bandwidth. Consider using `<Image />` from `next/image` or a custom image loader to automatically optimize images. This may incur additional usage or cost from your provider. See: https://nextjs.org/docs/messages/no-img-element  @next/next/no-img-element

./components/messages/MessageThread.tsx
47:6  Warning: React Hook useEffect has a missing dependency: 'loadMessages'. Either include it or remove the dependency array.  react-hooks/exhaustive-deps

./components/messages/MessageThreadList.tsx
195:17  Warning: Using `<img>` could result in slower LCP and higher bandwidth. Consider using `<Image />` from `next/image` or a custom image loader to automatically optimize images. This may incur additional usage or cost from your provider. See: https://nextjs.org/docs/messages/no-img-element  @next/next/no-img-element
247:21  Warning: `'` can be escaped with `&apos;`, `&lsquo;`, `&#39;`, `&rsquo;`.  react/no-unescaped-entities
260:21  Warning: `'` can be escaped with `&apos;`, `&lsquo;`, `&#39;`, `&rsquo;`.  react/no-unescaped-entities

./components/sections/CTASection.tsx
26:14  Warning: `'` can be escaped with `&apos;`, `&lsquo;`, `&#39;`, `&rsquo;`.  react/no-unescaped-entities
37:37  Warning: `'` can be escaped with `&apos;`, `&lsquo;`, `&#39;`, `&rsquo;`.  react/no-unescaped-entities

./components/sections/VerifiedReviews.tsx
144:23  Warning: `"` can be escaped with `&quot;`, `&ldquo;`, `&#34;`, `&rdquo;`.  react/no-unescaped-entities
144:40  Warning: `"` can be escaped with `&quot;`, `&ldquo;`, `&#34;`, `&rdquo;`.  react/no-unescaped-entities

./components/sections/WhyBidinsouk.tsx
14:74  Warning: `'` can be escaped with `&apos;`, `&lsquo;`, `&#39;`, `&rsquo;`.  react/no-unescaped-entities

./components/shared/ErrorBoundary.tsx
59:31  Warning: `'` can be escaped with `&apos;`, `&lsquo;`, `&#39;`, `&rsquo;`.  react/no-unescaped-entities

./components/shared/Footer.tsx
51:39  Warning: `'` can be escaped with `&apos;`, `&lsquo;`, `&#39;`, `&rsquo;`.  react/no-unescaped-entities
87:25  Warning: `'` can be escaped with `&apos;`, `&lsquo;`, `&#39;`, `&rsquo;`.  react/no-unescaped-entities
138:18  Warning: `'` can be escaped with `&apos;`, `&lsquo;`, `&#39;`, `&rsquo;`.  react/no-unescaped-entities
194:27  Warning: `'` can be escaped with `&apos;`, `&lsquo;`, `&#39;`, `&rsquo;`.  react/no-unescaped-entities

./components/shared/ImageCarousel.tsx
36:13  Warning: Using `<img>` could result in slower LCP and higher bandwidth. Consider using `<Image />` from `next/image` or a custom image loader to automatically optimize images. This may incur additional usage or cost from your provider. See: https://nextjs.org/docs/messages/no-img-element  @next/next/no-img-element

./components/shared/ImageCropper.tsx
260:27  Warning: `'` can be escaped with `&apos;`, `&lsquo;`, `&#39;`, `&rsquo;`.  react/no-unescaped-entities

./components/shared/SearchBar.tsx
270:48  Warning: `"` can be escaped with `&quot;`, `&ldquo;`, `&#34;`, `&rdquo;`.  react/no-unescaped-entities
270:56  Warning: `"` can be escaped with `&quot;`, `&ldquo;`, `&#34;`, `&rdquo;`.  react/no-unescaped-entities
281:42  Warning: `"` can be escaped with `&quot;`, `&ldquo;`, `&#34;`, `&rdquo;`.  react/no-unescaped-entities
281:50  Warning: `"` can be escaped with `&quot;`, `&ldquo;`, `&#34;`, `&rdquo;`.  react/no-unescaped-entities

./components/vendor/VendorApplicationForm.tsx
111:44  Warning: `'` can be escaped with `&apos;`, `&lsquo;`, `&#39;`, `&rsquo;`.  react/no-unescaped-entities
149:69  Warning: `'` can be escaped with `&apos;`, `&lsquo;`, `&#39;`, `&rsquo;`.  react/no-unescaped-entities

./components/vendor/VendorDashboard.tsx
397:54  Warning: `'` can be escaped with `&apos;`, `&lsquo;`, `&#39;`, `&rsquo;`.  react/no-unescaped-entities

./components/workspace/analytics/AnalyticsContent.tsx
143:6  Warning: React Hook useEffect has a missing dependency: 'fetchAnalytics'. Either include it or remove the dependency array.  react-hooks/exhaustive-deps
250:53  Warning: `'` can be escaped with `&apos;`, `&lsquo;`, `&#39;`, `&rsquo;`.  react/no-unescaped-entities

./components/workspace/auctions/AuctionsContent.tsx
274:6  Warning: React Hook useEffect has a missing dependency: 'fetchAuctions'. Either include it or remove the dependency array.  react-hooks/exhaustive-deps
892:39  Warning: `'` can be escaped with `&apos;`, `&lsquo;`, `&#39;`, `&rsquo;`.  react/no-unescaped-entities
946:46  Warning: `'` can be escaped with `&apos;`, `&lsquo;`, `&#39;`, `&rsquo;`.  react/no-unescaped-entities
1043:34  Warning: `'` can be escaped with `&apos;`, `&lsquo;`, `&#39;`, `&rsquo;`.  react/no-unescaped-entities
1043:85  Warning: `'` can be escaped with `&apos;`, `&lsquo;`, `&#39;`, `&rsquo;`.  react/no-unescaped-entities
1164:29  Warning: Using `<img>` could result in slower LCP and higher bandwidth. Consider using `<Image />` from `next/image` or a custom image loader to automatically optimize images. This may incur additional usage or cost from your provider. See: https://nextjs.org/docs/messages/no-img-element  @next/next/no-img-element
1266:24  Warning: `'` can be escaped with `&apos;`, `&lsquo;`, `&#39;`, `&rsquo;`.  react/no-unescaped-entities
1267:64  Warning: `'` can be escaped with `&apos;`, `&lsquo;`, `&#39;`, `&rsquo;`.  react/no-unescaped-entities
1267:78  Warning: `'` can be escaped with `&apos;`, `&lsquo;`, `&#39;`, `&rsquo;`.  react/no-unescaped-entities
1268:48  Warning: `'` can be escaped with `&apos;`, `&lsquo;`, `&#39;`, `&rsquo;`.  react/no-unescaped-entities
1290:22  Warning: `'` can be escaped with `&apos;`, `&lsquo;`, `&#39;`, `&rsquo;`.  react/no-unescaped-entities
1308:45  Warning: `'` can be escaped with `&apos;`, `&lsquo;`, `&#39;`, `&rsquo;`.  react/no-unescaped-entities
1331:47  Warning: `'` can be escaped with `&apos;`, `&lsquo;`, `&#39;`, `&rsquo;`.  react/no-unescaped-entities

./components/workspace/clients/ClientsContent.tsx
167:6  Warning: React Hook useEffect has a missing dependency: 'fetchClients'. Either include it or remove the dependency array.  react-hooks/exhaustive-deps
588:52  Warning: `'` can be escaped with `&apos;`, `&lsquo;`, `&#39;`, `&rsquo;`.  react/no-unescaped-entities

./components/workspace/dashboard/DashboardContent.tsx
298:85  Warning: `'` can be escaped with `&apos;`, `&lsquo;`, `&#39;`, `&rsquo;`.  react/no-unescaped-entities

./components/workspace/products/ProductsContent.tsx
230:6  Warning: React Hook useEffect has a missing dependency: 'fetchProducts'. Either include it or remove the dependency array.  react-hooks/exhaustive-deps

./components/workspace/reports/ReportsContent.tsx
152:6  Warning: React Hook useEffect has a missing dependency: 'fetchReports'. Either include it or remove the dependency array.  react-hooks/exhaustive-deps
275:54  Warning: `'` can be escaped with `&apos;`, `&lsquo;`, `&#39;`, `&rsquo;`.  react/no-unescaped-entities

./components/workspace/reviews/ReviewsContent.tsx
185:6  Warning: React Hook useEffect has a missing dependency: 'fetchReviews'. Either include it or remove the dependency array.  react-hooks/exhaustive-deps
678:34  Warning: `'` can be escaped with `&apos;`, `&lsquo;`, `&#39;`, `&rsquo;`.  react/no-unescaped-entities
686:17  Warning: `"` can be escaped with `&quot;`, `&ldquo;`, `&#34;`, `&rdquo;`.  react/no-unescaped-entities
686:42  Warning: `"` can be escaped with `&quot;`, `&ldquo;`, `&#34;`, `&rdquo;`.  react/no-unescaped-entities

./components/workspace/settings/SettingsContent.tsx
494:58  Warning: `'` can be escaped with `&apos;`, `&lsquo;`, `&#39;`, `&rsquo;`.  react/no-unescaped-entities
762:28  Warning: `'` can be escaped with `&apos;`, `&lsquo;`, `&#39;`, `&rsquo;`.  react/no-unescaped-entities
785:55  Warning: `'` can be escaped with `&apos;`, `&lsquo;`, `&#39;`, `&rsquo;`.  react/no-unescaped-entities

./lib/monitoring/performance.ts
332:1  Warning: Assign object to a variable before exporting as module default  import/no-anonymous-default-export

./lib/pagination/cursor.ts
222:1  Warning: Assign object to a variable before exporting as module default  import/no-anonymous-default-export

./lib/services/auction-bidding.ts
663:1  Warning: Assign object to a variable before exporting as module default  import/no-anonymous-default-export

info  - Need to disable some ESLint rules? Learn more here: https://nextjs.org/docs/app/api-reference/config/eslint#disabling-rules
Failed to compile.

.next/types/app/(main)/messages/[id]/page.ts:34:29
Type error: Type '{ params: { id: string; }; }' does not satisfy the 
constraint 'PageProps'.
  Types of property 'params' are incompatible.
    Type '{ id: string; }' is missing the following properties from type 
'Promise<any>': then, catch, finally, [Symbol.toStringTag]

[0m [90m 32 |[39m
 [90m 33 |[39m [90m// Check the prop type of the entry function[39m
[31m[1m>[22m[39m[90m 34 |[39m 
checkFields[33m<[39m[33mDiff[39m[33m<[39m[33mPageProps[39m[33m,[39m 
[33mFirstArg[39m[33m<[39m[33mTEntry[39m[[32m'default'[39m][33m>[39m[3
3m,[39m [32m'default'[39m[33m>>[39m()
 [90m    |[39m                             [31m[1m^[22m[39m
 [90m 35 |[39m
 [90m 36 |[39m [90m// Check the arguments and return type of the 
generateMetadata function[39m
 [90m 37 |[39m [36mif[39m ([32m'generateMetadata'[39m [36min[39m 
entry) {[0m
Next.js build worker exited with code: 1 and signal: null
